// Jest Snapshot v1, https://goo.gl/fbAQLP

exports[`Home component renders Home component 1`] = `
<div>
  <div />
</div>
`;
